[日志开始] 2026-02-05T00:38:15.638605

============================== 后端全链路测试（高精度识别与全留痕日志） ==============================

[1/3 正在解析对象]: Word文档 测试协议20251216.docx
  ├─ 具体内容: 扫描文档中的所有表格结构及上下文标题
  ├─ 处理逻辑: 虚拟网格对齐 -> 标题层级回溯 -> 业务含义权重评分
  └─ 处理结果: 成功识别并提取 4 个有效协议表格

[2/3 正在处理对象]: 协议表格 [某设备装置测量数据1]
  [表头] 代号 | 内容 | 内容_2 | 类型 | 字节 | 值域 | 数据处理 | 单位 | 备注
  [原始数据行 + 筛选过程]
    [ 1] 代号:Time | 内容:某设备计时时间3 | 内容_2:某设备计时时间3 | 类型:UINTEGER-32 | 字节:4 | 值域:0~4294967295 | 数据处理:乘以10 | 单位:ms | 备注:32位整型数，LSB=1ms，以上电为零点，软件开算时刻清零。 => ✓ 保留
    [ 2] 代号:Counter | 内容:帧计数1 | 内容_2:帧计数1 | 类型:UINTEGER-32 | 字节:4 | 值域:0~4294967295 | 数据处理: | 单位:— | 备注:乘以10 => ✓ 保留
  ├─ 具体内容: 对上述 2 行保留行进行字段标准化
  ├─ 处理逻辑: 标题标签剥离 -> 17列标准映射 -> 数据类型动态提取
  └─ 处理结果: 成功完成字段标准化，首字段形态为 [某设备计时时间3]

[2/3 正在处理对象]: 协议表格 [某设备装置测量数据2]
  [表头] 代号 | 内容 | 内容_2 | 类型 | 字节 | 值域 | 数据处理 | 单位 | 区间 | 备注
  [原始数据行 + 筛选过程]
    [ 1] 代号:Time | 内容:某设备计时时间4 | 内容_2:某设备计时时间4 | 类型:UINTEGER-32 | 字节:4 | 值域:0~4294967295 | 数据处理:乘以10 | 单位:ms | 区间: | 备注:32位整型数，LSB=1ms，以上电为零点，软件开算时刻清零。 => ✓ 保留
    [ 2] 代号:Counter | 内容:帧计数2 | 内容_2:帧计数2 | 类型:UINTEGER-32 | 字节:4 | 值域:0~4294967295 | 数据处理: | 单位:— | 区间: | 备注:乘以10 => ✓ 保留
  ├─ 具体内容: 对上述 2 行保留行进行字段标准化
  ├─ 处理逻辑: 标题标签剥离 -> 17列标准映射 -> 数据类型动态提取
  └─ 处理结果: 成功完成字段标准化，首字段形态为 [某设备计时时间4]

[2/3 正在处理对象]: 协议表格 [某设备装置测量数据3]
  [表头] 序号 | 参数 | 参数_2 | 数据类型 | 数据长度（字节） | 值域 | 单位 | 备注
  [原始数据行 + 筛选过程]
    [ 1] 序号:1) | 参数:某设备计时时间4 | 参数_2:某设备计时时间4 | 数据类型:UINTEGER-32 | 数据长度（字节）:4 | 值域:0~4294967295 | 单位:ms | 备注:32位整型数，LSB=1ms，以上电为零点，软件开算时刻清零。 => ✓ 保留
    [ 2] 序号:2) | 参数:帧计数3 | 参数_2:帧计数3 | 数据类型:UINTEGER-32 | 数据长度（字节）:4 | 值域:0~4294967295 | 单位:— | 备注:乘以10 => ✓ 保留
    [ 3] 序号:3) | 参数:平均角速度wx | 参数_2:平均角速度wx | 数据类型:UINTEGER-32 | 数据长度（字节）:4 | 值域:0~4294967295 | 单位: | 备注:惯性测量系°/h => ✓ 保留
    [ 4] 序号:4) | 参数:电压 | 参数_2:电压 | 数据类型:USHORT | 数据长度（字节）:2 | 值域: | 单位:ms | 备注:0~0xFFFF，实际电压/v = （模拟量采集数据/212）×21 => ✓ 保留
    [ 5] 序号:5) | 参数:某设备计时时间5 | 参数_2:某设备计时时间5 | 数据类型:USHORT | 数据长度（字节）:2 | 值域:0~4294967295 | 单位:ms | 备注:取值范围0~400 => ✓ 保留
    [ 6] 序号:6) | 参数:某设备计时时间6 | 参数_2:某设备计时时间6 | 数据类型:UINTEGER-32 | 数据长度（字节）:4 | 值域:0~4294967295 | 单位:ms | 备注:32位整型数，LSB=1ms，以上电为零点，软件开算时刻清零。 => ✓ 保留
    [ 7] 序号:7) | 参数:某设备计时时间7 | 参数_2:某设备计时时间7 | 数据类型:UINTEGER-32 | 数据长度（字节）:4 | 值域:0~4294967295 | 单位:ms | 备注:32位整型数，LSB=1ms，以上电为零点，软件开算时刻清零。 => ✓ 保留
    [ 8] 序号:8) | 参数:某设备计时时间8 | 参数_2:某设备计时时间8 | 数据类型:UINTEGER-32 | 数据长度（字节）:4 | 值域:0~4294967295 | 单位:ms | 备注:32位整型数，LSB=1ms，以上电为零点，软件开算时刻清零。 => ✓ 保留
    [ 9] 序号:9) | 参数:某设备计时时间9 | 参数_2:某设备计时时间9 | 数据类型:UINTEGER-32 | 数据长度（字节）:4 | 值域:0~4294967295 | 单位:ms | 备注:32位整型数，LSB=1ms，以上电为零点，软件开算时刻清零。 => ✓ 保留
    [10] 序号:10) | 参数:某设备计时时间10 | 参数_2:某设备计时时间10 | 数据类型:UINTEGER-32 | 数据长度（字节）:4 | 值域:0~4294967295 | 单位:ms | 备注:32位整型数，LSB=1ms，以上电为零点，软件开算时刻清零。 => ✓ 保留
  ├─ 具体内容: 对上述 10 行保留行进行字段标准化
  ├─ 处理逻辑: 标题标签剥离 -> 17列标准映射 -> 数据类型动态提取
  └─ 处理结果: 成功完成字段标准化，首字段形态为 [某设备计时时间4]

[2/3 正在处理对象]: 协议表格 [某设备装置测量数据11]
  [表头] 序号 | 内容 | 内容_2 | 类型 | 长度 | 值域 | 数据转换方法 | 单位 | 说明
  [原始数据行 + 筛选过程]
    [ 1] 序号:63) | 内容:某设备计时时间 | 内容_2:某设备计时时间 | 类型:UINTEGER-32 | 长度:4 | 值域:0~4294967295 | 数据转换方法:乘以10 | 单位:ms | 说明:32位整型数，LSB=1ms，以上电为零点，软件开算时刻清零。 => ✓ 保留
    [ 2] 序号:64) | 内容:帧计数 | 内容_2:帧计数 | 类型:UINTEGER-32 | 长度:4 | 值域:0~4294967295 | 数据转换方法: | 单位:— | 说明:乘以10 => ✓ 保留
  ├─ 具体内容: 对上述 2 行保留行进行字段标准化
  ├─ 处理逻辑: 标题标签剥离 -> 17列标准映射 -> 数据类型动态提取
  └─ 处理结果: 成功完成字段标准化，首字段形态为 [某设备计时时间]

[3/3 正在处理对象]: 生成标准化 Excel 报表
  ├─ 具体内容: 使用协议模板对 4 个表格进行数据填充
  ├─ 处理逻辑: 模板克隆 -> Header精准定位 -> 消息列合并 -> 单元格格式化
  └─ 处理结果: 文件生成成功 -> d:\codes\protocol-conversion-tool\backend\outputs\协议_20260205003816.xlsx

============================== 测试完成（详细全过程已存档至 d:\codes\protocol-conversion-tool\backend\logs\extraction_trace.log） ==============================

